// Jest Snapshot v1, https://goo.gl/fbAQLP

exports[`OutlinedButtonBase should have an outline 1`] = `
<div>
  <button
    class="focus:outline-none cursor-pointer disabled:cursor-not-allowed inline-flex items-center justify-center rounded border shadow hover:shadow disabled:shadow-none transition-shadow ease-in duration-100 whitespace-nowrap font-medium text-base min-h-[44px] border box-border"
    tabindex="0"
  >
    Test
  </button>
</div>
`;
