// Jest Snapshot v1, https://goo.gl/fbAQLP

exports[`Badge should render 1`] = `
<div>
  <div
    class="relative"
  >
    <button>
      Notifications
    </button>
    <div
      class="absolute z-10 translate-x-1/2 -translate-y-1/2 top-0 right-0"
    >
      99
    </div>
  </div>
</div>
`;
