// Jest Snapshot v1, https://goo.gl/fbAQLP

exports[`top level exports matches snapshot 1`] = `
[
  "ButtonBase",
  "Card",
  "Dialog",
  "DialogTitle",
  "DialogContent",
  "DialogActions",
  "DialogCloseButton",
  "FilledButtonBase",
  "FilledIconButton",
  "GradientBorder",
  "buttonShadowClassNames",
  "buttonTextClassNames",
  "fieldBorderRadiusClassNames",
  "fieldPaddingClassNames",
  "fieldSizeClassNames",
  "gradientBorderStyles",
  "iconButtonWidthClassNames",
  "shadowTransitionClassNames",
  "statusColorClassNames",
  "IconButton",
  "NormalIconButton",
  "OutlinedButtonBase",
  "OutlinedIconButton",
  "Spinner",
]
`;
