// Jest Snapshot v1, https://goo.gl/fbAQLP

exports[`FormLabel should match the snapshot 1`] = `
<div>
  <label
    class="block text-sm mb-1.5"
  >
    test
  </label>
</div>
`;
