// Jest Snapshot v1, https://goo.gl/fbAQLP

exports[`Chip snapshot 1`] = `
<div
  class="inline-flex items-center text-base min-h-[48px] px-4 font-semibold my-bg-secondary rounded-full text-black dark:text-white"
>
  test
</div>
`;
