// Jest Snapshot v1, https://goo.gl/fbAQLP

exports[`DialogActions snapshot 1`] = `
<div>
  <nav
    class="flex items-center space-x-2 pb-4 px-5 justify-end"
  >
    <button>
      Submit
    </button>
  </nav>
</div>
`;
