// Jest Snapshot v1, https://goo.gl/fbAQLP

exports[`DialogCloseButton snapshot 1`] = `
<div>
  <button
    aria-label="Close"
    class="focus:outline-none cursor-pointer disabled:cursor-not-allowed inline-flex items-center justify-center min-w-[48px] shadow-sm focus:shadow-md hover:shadow-md disabled:shadow-none transition-shadow ease-in duration-100 rounded-2xl text-base min-h-[44px] focus:bg-zinc-300/20 hover:bg-zinc-300/20 active:bg-zinc-300/20 dark:focus:bg-zinc-750/60 dark:hover:bg-zinc-750/60 dark:active:bg-zinc-750/60"
    tabindex="0"
  >
    <svg
      aria-hidden="true"
      class="h-7 w-7"
      data-slot="icon"
      fill="currentColor"
      viewBox="0 0 24 24"
      xmlns="http://www.w3.org/2000/svg"
    >
      <path
        clip-rule="evenodd"
        d="M5.47 5.47a.75.75 0 0 1 1.06 0L12 10.94l5.47-5.47a.75.75 0 1 1 1.06 1.06L13.06 12l5.47 5.47a.75.75 0 1 1-1.06 1.06L12 13.06l-5.47 5.47a.75.75 0 0 1-1.06-1.06L10.94 12 5.47 6.53a.75.75 0 0 1 0-1.06Z"
        fill-rule="evenodd"
      />
    </svg>
  </button>
</div>
`;
