// Jest Snapshot v1, https://goo.gl/fbAQLP

exports[`Card should render correctly 1`] = `
<div>
  <div
    class="rounded-lg my-bg-secondary shadow"
  >
    Card
  </div>
</div>
`;
