// Jest Snapshot v1, https://goo.gl/fbAQLP

exports[`DialogTitle snapshot 1`] = `
<div
  aria-hidden="true"
/>
`;
