// Jest Snapshot v1, https://goo.gl/fbAQLP

exports[`FilledButton should have a red background if destructive 1`] = `
<div>
  <button
    class="focus:outline-none cursor-pointer disabled:cursor-not-allowed inline-flex items-center justify-center transition-colors duration-200 ease-in-out whitespace-nowrap font-bold shadow-sm hover:shadow-md disabled:shadow-none transition-shadow ease-in duration-100 text-base min-h-[44px] rounded-2xl bg-red-500 disabled:bg-red-400 disabled:text-white px-4 text-white"
    tabindex="0"
  />
</div>
`;
