// Jest Snapshot v1, https://goo.gl/fbAQLP

exports[`OutlinedIconButton should have an outline 1`] = `
<div>
  <button
    class="focus:outline-none cursor-pointer disabled:cursor-not-allowed inline-flex items-center justify-center rounded border shadow hover:shadow disabled:shadow-none transition-shadow ease-in duration-100 whitespace-nowrap font-bold text-base min-h-[44px] my-border box-content min-w-[48px]"
    tabindex="0"
  >
    Test
  </button>
</div>
`;
