// Jest Snapshot v1, https://goo.gl/fbAQLP

exports[`Switch snapshot 1`] = `
<DocumentFragment>
  <button
    aria-checked="false"
    class="bg-foreground p-1 relative inline-flex items-center w-12 h-7 rounded-full cursor-pointer transition-colors ease-in-out duration-200 focus:outline-none"
    data-headlessui-state=""
    id="headlessui-switch-:r0:"
    role="switch"
    tabindex="0"
    type="button"
  >
    <span
      class="translate-x-0 inline-block h-5 w-5 transform rounded-full bg-background transition"
    />
  </button>
</DocumentFragment>
`;
