// Jest Snapshot v1, https://goo.gl/fbAQLP

exports[`InputAdornment should match the snapshot 1`] = `
<div>
  <div
    class="absolute inset-y-0 flex items-center font-medium whitespace-nowrap px-5 pointer-events-none text-zinc-500 dark:text-zinc-300 rounded-l-xl -left-px"
  />
</div>
`;
